[index-2.html]
[lazysizes/index.js]
[favicon.ico]
[manifest.json]
[css/inspire/w.css]
[css/inspire/normalize.css]
[css/inspire/index.css]
[css/inspire/custom.css]
[sw.js]
[popper/popper.js]
[categories/kunststof-raamkozijn-kopen.html]
[categories/schuifpui-kopen.html]
[categories/schuifpuien-op-maat.html]
[categories/kozijnen-op-maat.html]
[categories/raamkozijn-vervangen.html]
[categories/raamkozijn-kunststof-kopen.html]
[categories/raamkozijn-op-maat.html]
[photo/2017/01/15/20/26/window-1982670_960_720.png]
[page/kozijn-kunststof-bestellen-haarlem-nl-zDuvzIliLeq.html]
[photo/2017/06/28/15/37/architecture-2451073_960_720.jpg]
[page/raamkozijn-op-maat-haarlem-netherlands-NUZj0wRJP33.html]
[photo/2013/10/05/16/49/window-191077_960_720.jpg]
[page/raamkozijn-bestellen-haarlem-nl-stopVvkaARo.html]
[photo/2015/03/22/16/14/luneburg-684825_640.jpg]
[page/kozijnen-vervangen-haarlem-nl-8J3HZTrv_u.html]
[categories.html]
[photo/2017/06/17/23/15/window-2414020_1280.jpg]
[page/kunstof-raamkozijn-plaatsen-haarlem-nederland-eBWBJG81xq.html]
[page/kunststof-kozijnen-plaatsen-haarlem-nl-j2rs3hVBjj.html]
[KV-en/Kozijnen-Vervangen-Doe-Het-Zelf.jpg]
[page/kozijnen-kunststof-vervangen-haarlem-netherlands-xhYdtcOKUdi.html]
[KV-en/Goedkoop-Kozijnen-Vervangen.jpg]
[page/kozijnen-kunststof-kopen-haarlem-nederland-0x0gvhVBfFo.html]
[photo/2017/10/10/09/04/window-frames-2836457_1280.jpg]
[page/velux-dakraam-bestellen-haarlem-nl-Ngkzyz14x_x.html]
[KV-en/Buitendeur-Kozijn-Vervangen.jpg]
[page/velux-dakraam-vervangen-haarlem-nl-6Oa6KLcZwug.html]
[KV-en/Binnendeuren-En-Kozijnen-Vervangen.jpg]
[page/kozijne-kopen-haarlem-nl-71M3W8p1btR.html]
[photo/2014/09/23/13/31/window-457672_1280.jpg]
[page/kozijne-bestellen-haarlem-nl-xH-xemC4Nhm.html]
[photo/2018/10/11/18/23/window-3740493_960_720.jpg]
[index-2.html]
[css/inspire/w.css]
[css/inspire/normalize.css]
[css/inspire/index.css]
[css/inspire/custom.css]
[css/fonts/roboto.css]
[page/raamkozijn-kunststof-plaatsen-haarlem-nederland-U-w6xejcvI_.html]
[KV-en/Kozijnen-Vervangen.jpg]
[page/kozijnen-op-maat-haarlem-netherlands-HbhF5fsfs0z.html]
[photo/2016/07/22/10/23/window-1534540_1280.png]
[page/kunststof-raamkozijn-vervangen-haarlem-nl-sSLyl5YQle.html]
[KV-en/Kozijnen-Vervangen-Subsidie.jpg]
[page/raamkozijn-kunststof-kopen-haarlem-nederland-uMWsGfPJyun.html]
[KV-en/Kozijn-Vervangen-Kosten.jpg]
[page/kozijn-kopen-haarlem-nl-xwAVuu3kef.html]
[photo/2017/02/04/08/38/window-2036887_1280.png]
[page/kozijn-kopen-haarlem-nederland-5BJ516cA7M.html]
[categories/kunststof-raamkozijn-kopen.html]
[page/raamkozijnen-op-maat-haarlem-nl-0QF9GN3Oox.html]
[page/kozijne-vervangen-haarlem-nl-9_I8oz7GZV7.html]
[page/kozijnen-kunststof-vervangen-haarlem-nl-OqqfLYwvNU.html]
[photo/2017/12/06/18/30/window-3002396_640.png]
[page/kunststof-raamkozijn-vervangen-haarlem-netherlands-Tf7FBipnZmG.html]
[categories/schuifpui-kopen.html]
[page/velux-dakramen-op-maat-haarlem-nederland-PbhB4Y11Oyi.html]
[page/raamkozijnen-plaatsen-haarlem-nl-XJJgmKFSrJ.html]
[page/raamkozijn-kunststof-vervangen-haarlem-nl-YFTnfhEAWQr.html]
[page/aluminium-kozijnen-vervangen-haarlem-nl-XETE6aGj5UP.html]
[photo/2014/07/24/23/58/window-401339_960_720.jpg]
[page/aluminium-kozijnen-kopen-haarlem-netherlands-ybIzaFMxedo.html]
[categories/schuifpuien-op-maat.html]
[page/kozijnen-vervangen-haarlem-netherlands-1oG7lwLSP8.html]
[page/aluminium-kozijnen-kopen-haarlem-nl-vDNZ1z3FgnZ.html]
[categories/kozijnen-op-maat.html]
[categories/raamkozijn-vervangen.html]
[categories/raamkozijn-kunststof-kopen.html]
[page/kunstof-raamkozijn-op-maat-haarlem-nederland-PAyoKgpO1y.html]
[photo/2016/11/04/17/53/window-1798492_1280.png]
[page/kozijn-kunststof-op-maat-haarlem-nl-745Gt6eWI_J.html]
[categories/raamkozijn-op-maat.html]
[page/velux-dakramen-plaatsen-haarlem-nl-U6KMCQxW4JD.html]
[page/kozijn-kunststof-bestellen-haarlem-nl-zDuvzIliLeq162c.html]
[Kozijnen-Vervangen.png]
[photo/2016/12/30/17/51/window-1941154_1280.jpg]
[page/kozijn-kunststof-bestellen-haarlem-nl-zDuvzIliLeq.html]
[page/raamkozijn-op-maat-haarlem-netherlands-NUZj0wRJP33162c.html]
[photo/2013/12/11/19/25/window-226902_1280.jpg]
[page/raamkozijn-op-maat-haarlem-netherlands-NUZj0wRJP33.html]
[page/raamkozijn-bestellen-haarlem-nl-stopVvkaARo162c.html]
[photo/2019/10/22/12/52/window-4568599_1280.jpg]
[page/raamkozijn-bestellen-haarlem-nl-stopVvkaARo.html]
[page/kozijnen-vervangen-haarlem-nl-8J3HZTrv_u162c.html]
[photo/2017/09/26/19/15/window-2789790_1280.png]
[page/kozijnen-vervangen-haarlem-nl-8J3HZTrv_u.html]
[categories.html]
[page/kunstof-raamkozijn-plaatsen-haarlem-nederland-eBWBJG81xq.html]
[page/kunstof-raamkozijn-plaatsen-haarlem-nederland-eBWBJG81xq162c.html]
[page/kunststof-kozijnen-plaatsen-haarlem-nl-j2rs3hVBjj.html]
[page/kunststof-kozijnen-plaatsen-haarlem-nl-j2rs3hVBjj162c.html]
[page/kozijnen-kunststof-vervangen-haarlem-netherlands-xhYdtcOKUdi162c.html]
[photo/2016/02/01/21/14/window-1174423_960_720.jpg]
[page/kozijnen-kunststof-vervangen-haarlem-netherlands-xhYdtcOKUdi.html]
[page/kozijnen-kunststof-kopen-haarlem-nederland-0x0gvhVBfFo162c.html]
[photo/2016/12/11/17/48/window-1899908_960_720.png]
[page/kozijnen-kunststof-kopen-haarlem-nederland-0x0gvhVBfFo.html]
[page/velux-dakraam-bestellen-haarlem-nl-Ngkzyz14x_x.html]
[page/velux-dakraam-bestellen-haarlem-nl-Ngkzyz14x_x162c.html]
[page/velux-dakraam-vervangen-haarlem-nl-6Oa6KLcZwug.html]
[page/velux-dakraam-vervangen-haarlem-nl-6Oa6KLcZwug162c.html]
[page/kozijne-kopen-haarlem-nl-71M3W8p1btR.html]
[page/kozijne-kopen-haarlem-nl-71M3W8p1btR162c.html]
[page/kozijne-bestellen-haarlem-nl-xH-xemC4Nhm.html]
[page/kozijne-bestellen-haarlem-nl-xH-xemC4Nhm162c.html]
[page/raamkozijn-kunststof-plaatsen-haarlem-nederland-U-w6xejcvI_.html]
[page/raamkozijn-kunststof-plaatsen-haarlem-nederland-U-w6xejcvI_162c.html]
[page/kozijnen-op-maat-haarlem-netherlands-HbhF5fsfs0z162c.html]
[photo/2019/03/07/22/22/window-4041297_960_720.jpg]
[page/kozijnen-op-maat-haarlem-netherlands-HbhF5fsfs0z.html]
[page/kunststof-raamkozijn-vervangen-haarlem-nl-sSLyl5YQle.html]
[page/kunststof-raamkozijn-vervangen-haarlem-nl-sSLyl5YQle162c.html]
[page/raamkozijn-kunststof-kopen-haarlem-nederland-uMWsGfPJyun.html]
[page/raamkozijn-kunststof-kopen-haarlem-nederland-uMWsGfPJyun162c.html]
[page/kozijn-kopen-haarlem-nl-xwAVuu3kef162c.html]
[page/kozijn-kopen-haarlem-nl-xwAVuu3kef.html]
[page/kunststof-kozijnen-kopen-haarlem-nl-QW_nCK4Ju.html]
[page/kozijn-kopen-haarlem-nederland-5BJ516cA7M.html]
[page/kozijn-kopen-haarlem-nederland-5BJ516cA7M162c.html]
[page/raamkozijnen-op-maat-haarlem-nl-0QF9GN3Oox.html]
[page/raamkozijnen-op-maat-haarlem-nl-0QF9GN3Oox162c.html]
[page/kozijne-vervangen-haarlem-nl-9_I8oz7GZV7.html]
[page/kozijne-vervangen-haarlem-nl-9_I8oz7GZV7162c.html]
[page/kozijnen-kunststof-vervangen-haarlem-nl-OqqfLYwvNU162c.html]
[photo/2017/01/15/20/26/window-1982670_1280.png]
[page/kozijnen-kunststof-vervangen-haarlem-nl-OqqfLYwvNU.html]
[page/kunststof-raamkozijn-vervangen-haarlem-netherlands-Tf7FBipnZmG.html]
[page/kunststof-raamkozijn-vervangen-haarlem-netherlands-Tf7FBipnZmG162c.html]
[page/velux-dakramen-op-maat-haarlem-nederland-PbhB4Y11Oyi162c.html]
[photo/2016/11/04/18/43/lost-places-1798620_960_720.jpg]
[page/velux-dakramen-op-maat-haarlem-nederland-PbhB4Y11Oyi.html]
[page/raamkozijnen-plaatsen-haarlem-nl-XJJgmKFSrJ.html]
[page/raamkozijnen-plaatsen-haarlem-nl-XJJgmKFSrJ162c.html]
[page/raamkozijn-kunststof-vervangen-haarlem-nl-YFTnfhEAWQr.html]
[page/raamkozijn-kunststof-vervangen-haarlem-nl-YFTnfhEAWQr162c.html]
[page/aluminium-kozijnen-vervangen-haarlem-nl-XETE6aGj5UP162c.html]
[photo/2017/08/10/04/08/window-2618034_640.jpg]
[page/aluminium-kozijnen-vervangen-haarlem-nl-XETE6aGj5UP.html]
[page/aluminium-kozijnen-kopen-haarlem-netherlands-ybIzaFMxedo.html]
[page/aluminium-kozijnen-kopen-haarlem-netherlands-ybIzaFMxedo162c.html]
[page/kozijnen-vervangen-haarlem-netherlands-1oG7lwLSP8162c.html]
[page/kozijn-op-maat-haarlem-nl-bFHGJVYzjT.html]
[photo/2020/06/13/08/08/wood-window-5293344_1280.png]
[page/kozijnen-vervangen-haarlem-netherlands-1oG7lwLSP8.html]
[page/aluminium-kozijnen-kopen-haarlem-nl-vDNZ1z3FgnZ162c.html]
[KV-en/Raam-En-Kozijn-Vervangen-Kosten.jpg]
[page/aluminium-kozijnen-kopen-haarlem-nl-vDNZ1z3FgnZ.html]
[page/kunstof-raamkozijn-op-maat-haarlem-nederland-PAyoKgpO1y.html]
[page/kunstof-raamkozijn-op-maat-haarlem-nederland-PAyoKgpO1y162c.html]
[page/kozijn-kunststof-op-maat-haarlem-nl-745Gt6eWI_J.html]
[page/kozijn-kunststof-op-maat-haarlem-nl-745Gt6eWI_J162c.html]
[page/velux-dakramen-plaatsen-haarlem-nl-U6KMCQxW4JD162c.html]
[page/velux-dakramen-plaatsen-haarlem-nl-U6KMCQxW4JD.html]
[page/kunstof-raamkozijn-kopen-haarlem-nl-kv7X4yDEhK.html]
[v0.js]
[v0/amp-iframe-0.1.js]
[page/kozijn-kunststof-bestellen-haarlem-nl-zDuvzIliLeq162c.html]
[page/raamkozijn-op-maat-haarlem-netherlands-NUZj0wRJP33162c.html]
[page/raamkozijn-bestellen-haarlem-nl-stopVvkaARo162c.html]
[page/kozijnen-vervangen-haarlem-nl-8J3HZTrv_u162c.html]
[page/kunstof-raamkozijn-plaatsen-haarlem-nederland-eBWBJG81xq162c.html]
[page/kunststof-kozijnen-plaatsen-haarlem-nl-j2rs3hVBjj162c.html]
[page/kozijnen-kunststof-vervangen-haarlem-netherlands-xhYdtcOKUdi162c.html]
[page/kozijnen-kunststof-kopen-haarlem-nederland-0x0gvhVBfFo162c.html]
[page/velux-dakraam-bestellen-haarlem-nl-Ngkzyz14x_x162c.html]
[page/velux-dakraam-vervangen-haarlem-nl-6Oa6KLcZwug162c.html]
[page/kozijne-kopen-haarlem-nl-71M3W8p1btR162c.html]
[page/kozijne-bestellen-haarlem-nl-xH-xemC4Nhm162c.html]
[page/raamkozijn-kunststof-plaatsen-haarlem-nederland-U-w6xejcvI_162c.html]
[page/kozijnen-op-maat-haarlem-netherlands-HbhF5fsfs0z162c.html]
[page/kunststof-raamkozijn-vervangen-haarlem-nl-sSLyl5YQle162c.html]
[page/raamkozijn-kunststof-kopen-haarlem-nederland-uMWsGfPJyun162c.html]
[page/kozijn-kopen-haarlem-nl-xwAVuu3kef162c.html]
[page/kunststof-kozijnen-kopen-haarlem-nl-QW_nCK4Ju.html]
[page/kozijn-kopen-haarlem-nederland-5BJ516cA7M162c.html]
[page/raamkozijnen-op-maat-haarlem-nl-0QF9GN3Oox162c.html]
[page/kozijne-vervangen-haarlem-nl-9_I8oz7GZV7162c.html]
[page/kozijnen-kunststof-vervangen-haarlem-nl-OqqfLYwvNU162c.html]
[page/kunststof-raamkozijn-vervangen-haarlem-netherlands-Tf7FBipnZmG162c.html]
[page/velux-dakramen-op-maat-haarlem-nederland-PbhB4Y11Oyi162c.html]
[page/raamkozijnen-plaatsen-haarlem-nl-XJJgmKFSrJ162c.html]
[page/raamkozijn-kunststof-vervangen-haarlem-nl-YFTnfhEAWQr162c.html]
[page/aluminium-kozijnen-vervangen-haarlem-nl-XETE6aGj5UP162c.html]
[page/aluminium-kozijnen-kopen-haarlem-netherlands-ybIzaFMxedo162c.html]
[page/kozijnen-vervangen-haarlem-netherlands-1oG7lwLSP8162c.html]
[page/kunststof-kozijnen-kopen-haarlem-nl-QW_nCK4Ju162c.html]
[page/kozijn-op-maat-haarlem-nl-bFHGJVYzjT.html]
[page/aluminium-kozijnen-kopen-haarlem-nl-vDNZ1z3FgnZ162c.html]
[page/kunstof-raamkozijn-op-maat-haarlem-nederland-PAyoKgpO1y162c.html]
[page/kozijn-kunststof-op-maat-haarlem-nl-745Gt6eWI_J162c.html]
[page/velux-dakramen-plaatsen-haarlem-nl-U6KMCQxW4JD162c.html]
[page/kozijn-op-maat-haarlem-nl-bFHGJVYzjT162c.html]
[page/kunstof-raamkozijn-kopen-haarlem-nl-kv7X4yDEhK162c.html]
[photo/2017/10/20/10/03/window-2870645_1280.jpg]
[photo/2020/03/30/13/22/window-4984231_960_720.jpg]
[page/kunstof-raamkozijn-kopen-haarlem-nl-kv7X4yDEhK.html]
[page/kunststof-kozijnen-kopen-haarlem-nl-QW_nCK4Ju162c.html]
[page/kozijn-op-maat-haarlem-nl-bFHGJVYzjT162c.html]
[page/kunstof-raamkozijn-kopen-haarlem-nl-kv7X4yDEhK162c.html]
